// Jest Snapshot v1, https://goo.gl/fbAQLP

exports[`Modal tests should match to snapshot 1`] = `ShallowWrapper {}`;
